{
  "executables": [
    "minitar"
  ], 
  "default_executable": null, 
  "spec_file": null, 
  "required_rubygems_version": ">= 0", 
  "has_rdoc": true, 
  "signing_key": null, 
  "full_name": null, 
  "licenses": [], 
  "cert_chain": [], 
  "gems_dir": null, 
  "bin_dir": null, 
  "rubyforge_project": "ruwiki", 
  "new_platform": "ruby", 
  "loaded_from": null, 
  "rubygems_version": "1.0.1", 
  "platform": "ruby", 
  "specification_version": 2, 
  "version": "0.5.2", 
  "spec_dir": null, 
  "homepage": "http://rubyforge.org/projects/ruwiki/", 
  "email": "minitar@halostatue.ca", 
  "bindir": "bin", 
  "metadata": {}, 
  "files": [
    "bin", 
    "bin/minitar", 
    "ChangeLog", 
    "Install", 
    "lib", 
    "lib/archive", 
    "lib/archive/tar", 
    "lib/archive/tar/minitar", 
    "lib/archive/tar/minitar/command.rb", 
    "lib/archive/tar/minitar.rb", 
    "Rakefile", 
    "README", 
    "tests", 
    "tests/tc_tar.rb", 
    "tests/testall.rb"
  ], 
  "doc_dir": null, 
  "description": "Archive::Tar::Minitar is a pure-Ruby library and command-line utility that provides the ability to deal with POSIX tar(1) archive files. The implementation is based heavily on Mauricio Ferna'ndez's implementation in rpa-base, but has been reorganised to promote reuse in other projects.", 
  "rdoc_options": [
    "--title", 
    "Archive::Tar::MiniTar -- A POSIX tarchive library", 
    "--main", 
    "README", 
    "--line-numbers"
  ], 
  "autorequire": null, 
  "require_paths": [
    "lib"
  ], 
  "cache_dir": null, 
  "authors": [
    "Austin Ziegler, Mauricio Ferna'ndez"
  ], 
  "date": "2008-02-26 00:00:00 UTC", 
  "requirements": [], 
  "test_files": [
    "tests/testall.rb"
  ], 
  "name": "archive-tar-minitar", 
  "gem_dir": null, 
  "extra_rdoc_files": [
    "README", 
    "ChangeLog", 
    "Install"
  ], 
  "original_platform": "ruby", 
  "required_ruby_version": ">= 1.8.2", 
  "summary": "Provides POSIX tarchive management from Ruby programs.", 
  "cache_file": null, 
  "post_install_message": null, 
  "dependencies": [], 
  "extensions": [], 
  "ri_dir": null, 
  "full_gem_path": null, 
  "base_dir": null
}