{
  "executables": [], 
  "spec_file": null, 
  "required_rubygems_version": ">= 0", 
  "has_rdoc": null, 
  "signing_key": null, 
  "full_name": null, 
  "licenses": [], 
  "cert_chain": [], 
  "gems_dir": null, 
  "bin_dir": null, 
  "rubyforge_project": null, 
  "new_platform": "ruby", 
  "loaded_from": null, 
  "rubygems_version": "2.2.2", 
  "platform": "ruby", 
  "specification_version": 4, 
  "version": "3.1.3", 
  "spec_dir": null, 
  "homepage": "http://github.com/masover/blankslate", 
  "email": "rubygems@6brand.com", 
  "bindir": "bin", 
  "metadata": {}, 
  "files": [
    "Gemfile", 
    "Gemfile.lock", 
    "MIT-LICENSE", 
    "README", 
    "Rakefile", 
    "VERSION", 
    "blankslate.gemspec", 
    "lib/blankslate.rb", 
    "spec/blankslate_spec.rb"
  ], 
  "doc_dir": null, 
  "description": null, 
  "rdoc_options": [], 
  "autorequire": null, 
  "require_paths": [
    "lib"
  ], 
  "cache_dir": null, 
  "authors": [
    "Jim Weirich", 
    "David Masover", 
    "Jack Danger Canty"
  ], 
  "date": "2014-06-18 00:00:00 UTC", 
  "requirements": [], 
  "test_files": [
    "spec/blankslate_spec.rb"
  ], 
  "name": "blankslate", 
  "gem_dir": null, 
  "extra_rdoc_files": [], 
  "original_platform": "ruby", 
  "required_ruby_version": ">= 0", 
  "summary": "BlankSlate extracted from Builder.", 
  "cache_file": null, 
  "post_install_message": null, 
  "dependencies": [
    "rspec (>= 0, development)", 
    "bundler (>= 0, development)"
  ], 
  "extensions": [], 
  "ri_dir": null, 
  "full_gem_path": null, 
  "base_dir": null
}