{
  "executables": [], 
  "spec_file": null, 
  "required_rubygems_version": ">= 0", 
  "has_rdoc": null, 
  "signing_key": null, 
  "full_name": null, 
  "licenses": [
    "MIT"
  ], 
  "cert_chain": [], 
  "gems_dir": null, 
  "bin_dir": null, 
  "rubyforge_project": null, 
  "new_platform": "ruby", 
  "loaded_from": null, 
  "rubygems_version": "2.1.5", 
  "platform": "ruby", 
  "specification_version": 4, 
  "version": "2.1.0", 
  "spec_dir": null, 
  "homepage": "http://github.com/perplexes/m2r", 
  "email": [
    "colin.t.curtin+m2r@gmail.com", 
    "pawel.pacana+m2r@gmail.com", 
    "robert.pankowecki+m2r@gmail.com"
  ], 
  "bindir": "bin", 
  "metadata": {}, 
  "files": [
    ".gitignore", 
    ".travis.yml", 
    ".yardopts", 
    "CHANGELOG.md", 
    "Gemfile", 
    "LICENSE", 
    "README.md", 
    "Rakefile", 
    "Vagrantfile", 
    "example/Procfile", 
    "example/http_0mq.rb", 
    "example/lobster.ru", 
    "example/mongrel2.conf", 
    "example/tmp/.gitkeep", 
    "example/uploading.ru", 
    "kitchen/Rakefile", 
    "kitchen/auth.cfg", 
    "kitchen/cookbooks/build-essential/README.md", 
    "kitchen/cookbooks/build-essential/metadata.json", 
    "kitchen/cookbooks/build-essential/metadata.rb", 
    "kitchen/cookbooks/build-essential/recipes/default.rb", 
    "kitchen/cookbooks/essential/CHANGELOG.md", 
    "kitchen/cookbooks/essential/README.md", 
    "kitchen/cookbooks/essential/metadata.json", 
    "kitchen/cookbooks/essential/metadata.rb", 
    "kitchen/cookbooks/essential/recipes/default.rb", 
    "kitchen/cookbooks/m2r/CHANGELOG.md", 
    "kitchen/cookbooks/m2r/README.md", 
    "kitchen/cookbooks/m2r/metadata.json", 
    "kitchen/cookbooks/m2r/metadata.rb", 
    "kitchen/cookbooks/m2r/recipes/default.rb", 
    "kitchen/cookbooks/mongrel2/CHANGELOG.md", 
    "kitchen/cookbooks/mongrel2/README.md", 
    "kitchen/cookbooks/mongrel2/metadata.json", 
    "kitchen/cookbooks/mongrel2/metadata.rb", 
    "kitchen/cookbooks/mongrel2/recipes/default.rb", 
    "kitchen/cookbooks/ruby-build/README.md", 
    "kitchen/cookbooks/ruby-build/definitions/ruby.rb", 
    "kitchen/cookbooks/ruby-build/metadata.json", 
    "kitchen/cookbooks/ruby-build/metadata.rb", 
    "kitchen/cookbooks/ruby-build/recipes/default.rb", 
    "kitchen/cookbooks/zmq/CHANGELOG.md", 
    "kitchen/cookbooks/zmq/README.md", 
    "kitchen/cookbooks/zmq/metadata.json", 
    "kitchen/cookbooks/zmq/metadata.rb", 
    "kitchen/cookbooks/zmq/recipes/default.rb", 
    "kitchen/data_bags/README", 
    "kitchen/data_bags/vagrant.key", 
    "kitchen/data_bags/vagrant.pub", 
    "kitchen/m2r.cfg", 
    "kitchen/nodes/m2r.local.json", 
    "kitchen/roles/.gitkeep", 
    "kitchen/site-cookbooks/README", 
    "lib/m2r.rb", 
    "lib/m2r/connection.rb", 
    "lib/m2r/connection_factory.rb", 
    "lib/m2r/handler.rb", 
    "lib/m2r/headers.rb", 
    "lib/m2r/http/close.rb", 
    "lib/m2r/multithread_handler.rb", 
    "lib/m2r/parser.rb", 
    "lib/m2r/rack_handler.rb", 
    "lib/m2r/reply.rb", 
    "lib/m2r/request.rb", 
    "lib/m2r/request/base.rb", 
    "lib/m2r/request/upload.rb", 
    "lib/m2r/response.rb", 
    "lib/m2r/response/always_close.rb", 
    "lib/m2r/response/content_length.rb", 
    "lib/m2r/response/to_request.rb", 
    "lib/m2r/version.rb", 
    "lib/rack/handler/mongrel2.rb", 
    "m2r.gemspec", 
    "test/acceptance/examples_test.rb", 
    "test/support/capybara.rb", 
    "test/support/mongrel_helper.rb", 
    "test/support/test_handler.rb", 
    "test/support/test_user.rb", 
    "test/test_helper.rb", 
    "test/unit/connection_factory_test.rb", 
    "test/unit/connection_test.rb", 
    "test/unit/handler_test.rb", 
    "test/unit/headers_test.rb", 
    "test/unit/m2r_test.rb", 
    "test/unit/multithread_handler_test.rb", 
    "test/unit/rack_handler_test.rb", 
    "test/unit/request_parsing_test.rb", 
    "test/unit/response_test.rb", 
    "tmp/.gitkeep"
  ], 
  "doc_dir": null, 
  "description": "Mongrel2 Rack handler and pure handler. Works with Rack, so it works with Rails!", 
  "rdoc_options": [], 
  "autorequire": null, 
  "require_paths": [
    "lib"
  ], 
  "cache_dir": null, 
  "authors": [
    "Colin Curtin", 
    "Pradeep Elankumaran", 
    "Pawel Pacana", 
    "Robert Pankowecki"
  ], 
  "date": "2013-10-29 00:00:00 UTC", 
  "requirements": [], 
  "test_files": [
    "test/acceptance/examples_test.rb", 
    "test/support/capybara.rb", 
    "test/support/mongrel_helper.rb", 
    "test/support/test_handler.rb", 
    "test/support/test_user.rb", 
    "test/test_helper.rb", 
    "test/unit/connection_factory_test.rb", 
    "test/unit/connection_test.rb", 
    "test/unit/handler_test.rb", 
    "test/unit/headers_test.rb", 
    "test/unit/m2r_test.rb", 
    "test/unit/multithread_handler_test.rb", 
    "test/unit/rack_handler_test.rb", 
    "test/unit/request_parsing_test.rb", 
    "test/unit/response_test.rb"
  ], 
  "name": "m2r", 
  "gem_dir": null, 
  "extra_rdoc_files": [
    "LICENSE", 
    "README.md"
  ], 
  "original_platform": "ruby", 
  "required_ruby_version": ">= 0", 
  "summary": "Mongrel2 interface and handler library for Ruby.", 
  "cache_file": null, 
  "post_install_message": null, 
  "dependencies": [
    "ffi-rzmq (>= 1.0.1)", 
    "ffi (>= 1.0.0)", 
    "multi_json (>= 0)", 
    "tnetstring (>= 0)", 
    "rack (>= 0, development)", 
    "rake (>= 0, development)", 
    "minitest (= 3.2.0, development)", 
    "mocha (>= 0.14.0, development)", 
    "bbq (= 0.0.4, development)", 
    "capybara-mechanize (= 0.3.0, development)", 
    "activesupport (~> 3.2.7, development)", 
    "yard (~> 0.8.2, development)", 
    "kramdown (~> 0.13.7, development)"
  ], 
  "extensions": [], 
  "ri_dir": null, 
  "full_gem_path": null, 
  "base_dir": null
}