{
  "executables": [], 
  "default_executable": null, 
  "spec_file": null, 
  "required_rubygems_version": ">= 1.2", 
  "has_rdoc": true, 
  "signing_key": null, 
  "full_name": null, 
  "licenses": [], 
  "cert_chain": [], 
  "gems_dir": null, 
  "bin_dir": null, 
  "rubyforge_project": "mad_mimi_mailer", 
  "new_platform": "ruby", 
  "loaded_from": null, 
  "rubygems_version": "1.3.6", 
  "platform": "ruby", 
  "specification_version": 3, 
  "version": "0.0.9", 
  "spec_dir": null, 
  "homepage": "http://developer.madmimi.com/", 
  "email": "dave@obtiva.com", 
  "bindir": "bin", 
  "metadata": {}, 
  "files": [
    "lib/mad_mimi_mailer.rb"
  ], 
  "doc_dir": null, 
  "description": "Use Mad Mimi to send beautiful HTML emails using the ActionMailer API.", 
  "rdoc_options": [], 
  "autorequire": null, 
  "require_paths": [
    "lib"
  ], 
  "cache_dir": null, 
  "authors": [
    "Dave Hoover"
  ], 
  "date": "2010-04-09 00:00:00 UTC", 
  "requirements": [], 
  "test_files": [], 
  "name": "mysmallidea-mad_mimi_mailer", 
  "gem_dir": null, 
  "extra_rdoc_files": [], 
  "original_platform": "ruby", 
  "required_ruby_version": ">= 0", 
  "summary": "Extending ActionMailer::Base for Mad Mimi integration.", 
  "cache_file": null, 
  "post_install_message": null, 
  "dependencies": [], 
  "extensions": [], 
  "ri_dir": null, 
  "full_gem_path": null, 
  "base_dir": null
}