{
  "executables": [], 
  "spec_file": null, 
  "required_rubygems_version": ">= 0", 
  "signing_key": null, 
  "full_name": null, 
  "licenses": [], 
  "cert_chain": [], 
  "gems_dir": null, 
  "bin_dir": null, 
  "rubyforge_project": null, 
  "new_platform": "ruby", 
  "loaded_from": null, 
  "rubygems_version": "1.8.24", 
  "platform": "ruby", 
  "specification_version": 3, 
  "version": "0.1.0", 
  "spec_dir": null, 
  "homepage": "", 
  "email": [
    "xrdawson@gmail.com"
  ], 
  "bindir": "bin", 
  "metadata": {}, 
  "files": [
    "lib/ng-rails-csrf/version.rb", 
    "lib/ng-rails-csrf.rb", 
    "vendor/assets/javascripts/ng-rails-csrf.js"
  ], 
  "doc_dir": null, 
  "description": "AngularJS for using CSRF token with http requests", 
  "rdoc_options": [], 
  "autorequire": null, 
  "require_paths": [
    "lib"
  ], 
  "cache_dir": null, 
  "authors": [
    "Chris Dawson"
  ], 
  "date": "2013-06-18 00:00:00 UTC", 
  "requirements": [], 
  "test_files": [], 
  "name": "ng-rails-csrf", 
  "gem_dir": null, 
  "extra_rdoc_files": [], 
  "original_platform": "ruby", 
  "required_ruby_version": ">= 0", 
  "summary": "AngularJS rails gem which you can load into any rails project to make sure CSRF token is used with Angular http requests", 
  "cache_file": null, 
  "post_install_message": null, 
  "dependencies": [], 
  "extensions": [], 
  "ri_dir": null, 
  "full_gem_path": null, 
  "base_dir": null
}