{
  "executables": [], 
  "spec_file": null, 
  "required_rubygems_version": ">= 0", 
  "signing_key": null, 
  "full_name": null, 
  "licenses": [], 
  "cert_chain": [], 
  "gems_dir": null, 
  "bin_dir": null, 
  "rubyforge_project": null, 
  "new_platform": "ruby", 
  "loaded_from": null, 
  "rubygems_version": "1.8.11", 
  "platform": "ruby", 
  "specification_version": 3, 
  "version": "0.2", 
  "spec_dir": null, 
  "homepage": "https://github.com/bry4n/small", 
  "email": "bryann83@gmail.com", 
  "bindir": "bin", 
  "metadata": {}, 
  "files": [
    "README.md", 
    "LICENSE", 
    "lib/small/array.rb", 
    "lib/small/hash.rb", 
    "lib/small/integer.rb", 
    "lib/small/math.rb", 
    "lib/small/object.rb", 
    "lib/small/string.rb", 
    "lib/small/time.rb", 
    "lib/small.rb"
  ], 
  "doc_dir": null, 
  "description": null, 
  "rdoc_options": [], 
  "autorequire": null, 
  "require_paths": [
    "lib"
  ], 
  "cache_dir": null, 
  "authors": [
    "Bryan Goines"
  ], 
  "date": "2012-04-23 00:00:00 UTC", 
  "requirements": [], 
  "test_files": [], 
  "name": "small", 
  "gem_dir": null, 
  "extra_rdoc_files": [], 
  "original_platform": "ruby", 
  "required_ruby_version": ">= 0", 
  "summary": "A small collection of useful Ruby utilities", 
  "cache_file": null, 
  "post_install_message": null, 
  "dependencies": [], 
  "extensions": [], 
  "ri_dir": null, 
  "full_gem_path": null, 
  "base_dir": null
}