{
  "executables": [], 
  "spec_file": null, 
  "required_rubygems_version": ">= 0", 
  "signing_key": null, 
  "full_name": null, 
  "licenses": [], 
  "cert_chain": [], 
  "gems_dir": null, 
  "bin_dir": null, 
  "rubyforge_project": null, 
  "new_platform": "ruby", 
  "loaded_from": null, 
  "rubygems_version": "1.8.23", 
  "platform": "ruby", 
  "specification_version": 3, 
  "version": "0.1.3", 
  "spec_dir": null, 
  "homepage": "", 
  "email": [
    "john@coswellproductions.com"
  ], 
  "bindir": "bin", 
  "metadata": {}, 
  "files": [
    ".gitignore", 
    "Gemfile", 
    "LICENSE", 
    "README.md", 
    "Rakefile", 
    "lib/sprockets-vendor_gems.rb", 
    "lib/sprockets-vendor_gems/extend_all.rb", 
    "spec/spec_helper.rb", 
    "spec/sprockets-vendor_gems_spec.rb", 
    "sprockets-vendor_gems.gemspec"
  ], 
  "doc_dir": null, 
  "description": "Get the vendored assets paths in gems.", 
  "rdoc_options": [], 
  "autorequire": null, 
  "require_paths": [
    "lib"
  ], 
  "cache_dir": null, 
  "authors": [
    "John Bintz"
  ], 
  "date": "2012-08-03 00:00:00 UTC", 
  "requirements": [], 
  "test_files": [
    "spec/spec_helper.rb", 
    "spec/sprockets-vendor_gems_spec.rb"
  ], 
  "name": "sprockets-vendor_gems", 
  "gem_dir": null, 
  "extra_rdoc_files": [], 
  "original_platform": "ruby", 
  "required_ruby_version": ">= 0", 
  "summary": "Get the vendored assets paths in gems.", 
  "cache_file": null, 
  "post_install_message": null, 
  "dependencies": [
    "sprockets (>= 0)", 
    "rake (>= 0, development)", 
    "rspec (>= 0, development)", 
    "mocha (>= 0, development)", 
    "fakefs (>= 0, development)"
  ], 
  "extensions": [], 
  "ri_dir": null, 
  "full_gem_path": null, 
  "base_dir": null
}