{
  "type": "phpcomposer",
  "name": "slim/slim",
  "version": null,
  "primary_language": "PHP",
  "packaging": null,
  "description": null,
  "payload_type": null,
  "size": null,
  "release_date": null,
  "authors": [
    {
      "type": "person",
      "name": "Josh Lockhart",
      "email": "hello@joshlockhart.com",
      "url": "https://joshlockhart.com"
    },
    {
      "type": "person",
      "name": "Andrew Smith",
      "email": "a.smith@silentworks.co.uk",
      "url": "http://silentworks.co.uk"
    },
    {
      "type": "person",
      "name": "Rob Allen",
      "email": "rob@akrabat.com",
      "url": "http://akrabat.com"
    },
    {
      "type": "person",
      "name": "Gabriel Manricks",
      "email": "gmanricks@me.com",
      "url": "http://gabrielmanricks.com"
    }
  ],
  "maintainers": [],
  "contributors": [],
  "owners": [],
  "packagers": [],
  "distributors": [],
  "vendors": [
    {
      "type": null,
      "name": "slim",
      "email": null,
      "url": null
    }
  ],
  "keywords": [
    "framework",
    "micro",
    "api",
    "router"
  ],
  "keywords_doc_url": null,
  "homepage_url": "https://slimframework.com",
  "download_urls": [],
  "download_sha1": null,
  "download_sha256": null,
  "download_md5": null,
  "bug_tracking_url": null,
  "support_contacts": [],
  "code_view_url": null,
  "vcs_tool": null,
  "vcs_repository": null,
  "vcs_revision": null,
  "copyright": null,
  "asserted_license": "MIT",
  "license_expression": null,
  "license_texts": [],
  "notice_text": null,
  "dependencies": {
    "development": [
      {
        "type": "phpcomposer",
        "name": "squizlabs/php_codesniffer",
        "version": "^2.5"
      },
      {
        "type": "phpcomposer",
        "name": "phpunit/phpunit",
        "version": "^4.0"
      }
    ],
    "runtime": [
      {
        "type": "phpcomposer",
        "name": "php",
        "version": ">=5.5.0"
      },
      {
        "type": "phpcomposer",
        "name": "pimple/pimple",
        "version": "^3.0"
      },
      {
        "type": "phpcomposer",
        "name": "psr/http-message",
        "version": "^1.0"
      },
      {
        "type": "phpcomposer",
        "name": "nikic/fast-route",
        "version": "^1.0"
      },
      {
        "type": "phpcomposer",
        "name": "container-interop/container-interop",
        "version": "^1.1"
      }
    ]
  },
  "related_packages": []
}