{
  "type": "npm",
  "name": "react-mobile-navigation-modal",
  "version": "0.1.0-rc.3",
  "primary_language": "JavaScript",
  "description": null,
  "size": null,
  "release_date": null,
  "parties": [
    {
      "type": "person",
      "role": "author",
      "name": "Rostyslav Khanas",
      "email": "rk@try.cards",
      "url": null
    },
    {
      "type": "person",
      "role": "maintainer",
      "name": "rtkhanas",
      "email": "rtkhanas@gmail.com",
      "url": null
    }
  ],
  "keywords": [],
  "homepage_url": null,
  "download_url": "https://registry.npmjs.org/react-mobile-navigation-modal/-/react-mobile-navigation-modal-0.1.0-rc.3.tgz",
  "download_checksums": [
    "sha1:0ae0b2065295b14c9db60852215b3f60d5510a99"
  ],
  "bug_tracking_url": null,
  "code_view_url": null,
  "vcs_tool": null,
  "vcs_repository": null,
  "vcs_revision": null,
  "copyright": null,
  "asserted_license": null,
  "license_expression": null,
  "notice_text": null,
  "dependencies": {
    "development": [
      {
        "type": "npm",
        "name": "babel",
        "version": "^6.3.26"
      },
      {
        "type": "npm",
        "name": "babel-cli",
        "version": "^6.7.7"
      },
      {
        "type": "npm",
        "name": "babel-core",
        "version": "^6.7.7"
      },
      {
        "type": "npm",
        "name": "babel-eslint",
        "version": "^6.0.3"
      },
      {
        "type": "npm",
        "name": "babel-loader",
        "version": "^6.2.1"
      },
      {
        "type": "npm",
        "name": "babel-plugin-transform-decorators-legacy",
        "version": "^1.3.4"
      },
      {
        "type": "npm",
        "name": "babel-plugin-transform-object-rest-spread",
        "version": "^6.5.0"
      },
      {
        "type": "npm",
        "name": "babel-preset-es2015",
        "version": "^6.3.13"
      },
      {
        "type": "npm",
        "name": "babel-preset-es2015-allow-top-level-this",
        "version": "0.0.1"
      },
      {
        "type": "npm",
        "name": "babel-preset-react",
        "version": "^6.3.13"
      },
      {
        "type": "npm",
        "name": "eslint",
        "version": "^2.5.3"
      },
      {
        "type": "npm",
        "name": "eslint-config-airbnb",
        "version": "^9.0.1"
      },
      {
        "type": "npm",
        "name": "eslint-plugin-import",
        "version": "^1.5.0"
      },
      {
        "type": "npm",
        "name": "eslint-plugin-jsx-a11y",
        "version": "^1.0.2"
      },
      {
        "type": "npm",
        "name": "eslint-plugin-react",
        "version": "^5.0.1"
      },
      {
        "type": "npm",
        "name": "node-uuid",
        "version": "^1.4.7"
      },
      {
        "type": "npm",
        "name": "react",
        "version": "~15.3.2"
      },
      {
        "type": "npm",
        "name": "react-art",
        "version": "^0.15.1"
      },
      {
        "type": "npm",
        "name": "react-dom",
        "version": "~15.3.2"
      },
      {
        "type": "npm",
        "name": "react-motion",
        "version": "^0.4.7"
      },
      {
        "type": "npm",
        "name": "react-redux",
        "version": "^4.0.6"
      },
      {
        "type": "npm",
        "name": "redux",
        "version": "^3.0.5"
      },
      {
        "type": "npm",
        "name": "rimraf",
        "version": "^2.3.4"
      },
      {
        "type": "npm",
        "name": "webpack",
        "version": "^1.12.15"
      },
      {
        "type": "npm",
        "name": "webpack-dev-server",
        "version": "^1.14.1"
      }
    ],
    "runtime": [
      {
        "type": "npm",
        "name": "binary-ui-icons",
        "version": "^0.1.0-rc.8"
      },
      {
        "type": "npm",
        "name": "binary-ui-stack",
        "version": "^0.0.1-rc.4"
      },
      {
        "type": "npm",
        "name": "binary-ui-styles",
        "version": "^0.1.0-rc.8"
      },
      {
        "type": "npm",
        "name": "invariant",
        "version": "^2.2.1"
      },
      {
        "type": "npm",
        "name": "react-mobile-navigation-core",
        "version": "^0.1.0-rc.3"
      },
      {
        "type": "npm",
        "name": "react-mobile-navigation-engine",
        "version": "^0.1.0-rc.3"
      }
    ],
    "optional": [
      {
        "type": "npm",
        "name": "react",
        "version": "~15.3.2"
      }
    ]
  },
  "related_packages": []
}