{
  "type": "npm",
  "name": "npm2aur",
  "version": "0.1.3",
  "primary_language": "JavaScript",
  "packaging": null,
  "description": null,
  "payload_type": null,
  "size": null,
  "release_date": null,
  "authors": [
    {
      "type": "person",
      "name": "Filirom1",
      "email": "filirom1@gmail.com",
      "url": null
    }
  ],
  "maintainers": [],
  "contributors": [],
  "owners": [],
  "packagers": [],
  "distributors": [],
  "vendors": [],
  "keywords": [],
  "homepage_url": null,
  "download_urls": [
    "https://registry.npmjs.org/npm2aur/-/npm2aur-0.1.3.tgz"
  ],
  "download_sha1": null,
  "download_sha256": null,
  "download_md5": null,
  "bug_tracking_url": null,
  "support_contacts": [],
  "code_view_url": null,
  "vcs_tool": "git",
  "vcs_repository": "https://github.com/Filirom1/npm2aur.git",
  "vcs_revision": null,
  "copyright": null,
  "asserted_license": "MIT\nhttp://www.opensource.org/licenses/MIT",
  "license_expression": null,
  "license_texts": [],
  "notice_text": null,
  "dependencies": {
    "runtime": [
      {
        "type": null,
        "name": "optimist",
        "version": "0.2.x"
      },
      {
        "type": null,
        "name": "colors",
        "version": "0.5.x"
      },
      {
        "type": null,
        "name": "coffee-script",
        "version": "~1.3.3"
      },
      {
        "type": null,
        "name": "underscore",
        "version": "~1.3.3"
      },
      {
        "type": null,
        "name": "npm",
        "version": "~1.1.32"
      },
      {
        "type": null,
        "name": "npm2arch",
        "version": "~0.1.10"
      },
      {
        "type": null,
        "name": "aur",
        "version": "~0.1.2"
      }
    ]
  },
  "related_packages": []
}