{
  "type": "npm",
  "namespace": null,
  "name": "jsonp-filter",
  "version": "0.0.3",
  "qualifiers": null,
  "path": null,
  "primary_language": "JavaScript",
  "code_type": null,
  "description": null,
  "size": null,
  "release_date": null,
  "parties": [
    {
      "type": "person",
      "role": "author",
      "name": "Stephen Veerman",
      "email": "sveerman@postmedia.com",
      "url": null
    }
  ],
  "keywords": [
    "coffeescript",
    "express",
    "json",
    "jsonp"
  ],
  "homepage_url": "https://github.com/Postmedia/jsonp-filter",
  "download_url": "https://registry.npmjs.org/jsonp-filter/-/jsonp-filter-0.0.3.tgz",
  "download_checksums": [],
  "bug_tracking_url": null,
  "code_view_url": null,
  "vcs_tool": null,
  "vcs_repository": "git://github.com/Postmedia/jsonp-filter",
  "vcs_revision": null,
  "copyright": null,
  "license_expression": null,
  "asserted_license": "MIT\nhttps://github.com/Postmedia/jsonp-filter/blob/master/LICENSE",
  "notice_text": null,
  "dependencies": [
    {
      "identifier": "npm:styout",
      "requirement": ">= 0.6.0",
      "scope": "dependencies",
      "is_runtime": true,
      "is_optional": false,
      "is_resolved": null
    }
  ],
  "related_packages": []
}