{
  "type": "npm",
  "namespace": null,
  "name": "npm",
  "version": "2.13.5",
  "qualifiers": null,
  "path": null,
  "primary_language": "JavaScript",
  "code_type": null,
  "description": null,
  "size": null,
  "release_date": null,
  "parties": [
    {
      "type": "person",
      "role": "author",
      "name": "Isaac Z. Schlueter",
      "email": "i@izs.me",
      "url": "http://blog.izs.me"
    }
  ],
  "keywords": [
    "package manager",
    "modules",
    "install",
    "package.json"
  ],
  "homepage_url": "https://docs.npmjs.com/",
  "download_url": "https://registry.npmjs.org/npm/-/npm-2.13.5.tgz",
  "download_checksums": [],
  "bug_tracking_url": "http://github.com/npm/npm/issues",
  "code_view_url": null,
  "vcs_tool": "git",
  "vcs_repository": "https://github.com/npm/npm",
  "vcs_revision": null,
  "copyright": null,
  "license_expression": null,
  "asserted_license": "Artistic-2.0",
  "notice_text": null,
  "dependencies": [
    {
      "identifier": "npm:abbrev",
      "requirement": "~1.0.7",
      "scope": "dependencies",
      "is_runtime": true,
      "is_optional": false,
      "is_resolved": null
    },
    {
      "identifier": "npm:ansi",
      "requirement": "~0.3.0",
      "scope": "dependencies",
      "is_runtime": true,
      "is_optional": false,
      "is_resolved": null
    },
    {
      "identifier": "npm:ansicolors",
      "requirement": "~0.3.2",
      "scope": "dependencies",
      "is_runtime": true,
      "is_optional": false,
      "is_resolved": null
    },
    {
      "identifier": "npm:ansistyles",
      "requirement": "~0.1.3",
      "scope": "dependencies",
      "is_runtime": true,
      "is_optional": false,
      "is_resolved": null
    },
    {
      "identifier": "npm:archy",
      "requirement": "~1.0.0",
      "scope": "dependencies",
      "is_runtime": true,
      "is_optional": false,
      "is_resolved": null
    },
    {
      "identifier": "npm:async-some",
      "requirement": "~1.0.2",
      "scope": "dependencies",
      "is_runtime": true,
      "is_optional": false,
      "is_resolved": null
    },
    {
      "identifier": "npm:block-stream",
      "requirement": "0.0.8",
      "scope": "dependencies",
      "is_runtime": true,
      "is_optional": false,
      "is_resolved": null
    },
    {
      "identifier": "npm:char-spinner",
      "requirement": "~1.0.1",
      "scope": "dependencies",
      "is_runtime": true,
      "is_optional": false,
      "is_resolved": null
    },
    {
      "identifier": "npm:chmodr",
      "requirement": "~1.0.1",
      "scope": "dependencies",
      "is_runtime": true,
      "is_optional": false,
      "is_resolved": null
    },
    {
      "identifier": "npm:chownr",
      "requirement": "0.0.2",
      "scope": "dependencies",
      "is_runtime": true,
      "is_optional": false,
      "is_resolved": null
    },
    {
      "identifier": "npm:cmd-shim",
      "requirement": "~2.0.1",
      "scope": "dependencies",
      "is_runtime": true,
      "is_optional": false,
      "is_resolved": null
    },
    {
      "identifier": "npm:columnify",
      "requirement": "~1.5.1",
      "scope": "dependencies",
      "is_runtime": true,
      "is_optional": false,
      "is_resolved": null
    },
    {
      "identifier": "npm:config-chain",
      "requirement": "~1.1.9",
      "scope": "dependencies",
      "is_runtime": true,
      "is_optional": false,
      "is_resolved": null
    },
    {
      "identifier": "npm:dezalgo",
      "requirement": "~1.0.3",
      "scope": "dependencies",
      "is_runtime": true,
      "is_optional": false,
      "is_resolved": null
    },
    {
      "identifier": "npm:editor",
      "requirement": "~1.0.0",
      "scope": "dependencies",
      "is_runtime": true,
      "is_optional": false,
      "is_resolved": null
    },
    {
      "identifier": "npm:fs-vacuum",
      "requirement": "~1.2.6",
      "scope": "dependencies",
      "is_runtime": true,
      "is_optional": false,
      "is_resolved": null
    },
    {
      "identifier": "npm:fs-write-stream-atomic",
      "requirement": "~1.0.3",
      "scope": "dependencies",
      "is_runtime": true,
      "is_optional": false,
      "is_resolved": null
    },
    {
      "identifier": "npm:fstream",
      "requirement": "~1.0.7",
      "scope": "dependencies",
      "is_runtime": true,
      "is_optional": false,
      "is_resolved": null
    },
    {
      "identifier": "npm:fstream-npm",
      "requirement": "~1.0.4",
      "scope": "dependencies",
      "is_runtime": true,
      "is_optional": false,
      "is_resolved": null
    },
    {
      "identifier": "npm:github-url-from-git",
      "requirement": "~1.4.0",
      "scope": "dependencies",
      "is_runtime": true,
      "is_optional": false,
      "is_resolved": null
    },
    {
      "identifier": "npm:github-url-from-username-repo",
      "requirement": "~1.0.2",
      "scope": "dependencies",
      "is_runtime": true,
      "is_optional": false,
      "is_resolved": null
    },
    {
      "identifier": "npm:glob",
      "requirement": "~5.0.14",
      "scope": "dependencies",
      "is_runtime": true,
      "is_optional": false,
      "is_resolved": null
    },
    {
      "identifier": "npm:graceful-fs",
      "requirement": "~4.1.2",
      "scope": "dependencies",
      "is_runtime": true,
      "is_optional": false,
      "is_resolved": null
    },
    {
      "identifier": "npm:hosted-git-info",
      "requirement": "~2.1.4",
      "scope": "dependencies",
      "is_runtime": true,
      "is_optional": false,
      "is_resolved": null
    },
    {
      "identifier": "npm:inflight",
      "requirement": "~1.0.4",
      "scope": "dependencies",
      "is_runtime": true,
      "is_optional": false,
      "is_resolved": null
    },
    {
      "identifier": "npm:inherits",
      "requirement": "~2.0.1",
      "scope": "dependencies",
      "is_runtime": true,
      "is_optional": false,
      "is_resolved": null
    },
    {
      "identifier": "npm:ini",
      "requirement": "~1.3.4",
      "scope": "dependencies",
      "is_runtime": true,
      "is_optional": false,
      "is_resolved": null
    },
    {
      "identifier": "npm:init-package-json",
      "requirement": "~1.7.1",
      "scope": "dependencies",
      "is_runtime": true,
      "is_optional": false,
      "is_resolved": null
    },
    {
      "identifier": "npm:lockfile",
      "requirement": "~1.0.1",
      "scope": "dependencies",
      "is_runtime": true,
      "is_optional": false,
      "is_resolved": null
    },
    {
      "identifier": "npm:lru-cache",
      "requirement": "~2.6.5",
      "scope": "dependencies",
      "is_runtime": true,
      "is_optional": false,
      "is_resolved": null
    },
    {
      "identifier": "npm:minimatch",
      "requirement": "~2.0.10",
      "scope": "dependencies",
      "is_runtime": true,
      "is_optional": false,
      "is_resolved": null
    },
    {
      "identifier": "npm:mkdirp",
      "requirement": "~0.5.1",
      "scope": "dependencies",
      "is_runtime": true,
      "is_optional": false,
      "is_resolved": null
    },
    {
      "identifier": "npm:node-gyp",
      "requirement": "~2.0.2",
      "scope": "dependencies",
      "is_runtime": true,
      "is_optional": false,
      "is_resolved": null
    },
    {
      "identifier": "npm:nopt",
      "requirement": "~3.0.3",
      "scope": "dependencies",
      "is_runtime": true,
      "is_optional": false,
      "is_resolved": null
    },
    {
      "identifier": "npm:normalize-git-url",
      "requirement": "~3.0.1",
      "scope": "dependencies",
      "is_runtime": true,
      "is_optional": false,
      "is_resolved": null
    },
    {
      "identifier": "npm:normalize-package-data",
      "requirement": "~2.3.1",
      "scope": "dependencies",
      "is_runtime": true,
      "is_optional": false,
      "is_resolved": null
    },
    {
      "identifier": "npm:npm-cache-filename",
      "requirement": "~1.0.2",
      "scope": "dependencies",
      "is_runtime": true,
      "is_optional": false,
      "is_resolved": null
    },
    {
      "identifier": "npm:npm-install-checks",
      "requirement": "~1.0.6",
      "scope": "dependencies",
      "is_runtime": true,
      "is_optional": false,
      "is_resolved": null
    },
    {
      "identifier": "npm:npm-package-arg",
      "requirement": "~4.0.2",
      "scope": "dependencies",
      "is_runtime": true,
      "is_optional": false,
      "is_resolved": null
    },
    {
      "identifier": "npm:npm-registry-client",
      "requirement": "~6.5.1",
      "scope": "dependencies",
      "is_runtime": true,
      "is_optional": false,
      "is_resolved": null
    },
    {
      "identifier": "npm:npm-user-validate",
      "requirement": "~0.1.2",
      "scope": "dependencies",
      "is_runtime": true,
      "is_optional": false,
      "is_resolved": null
    },
    {
      "identifier": "npm:npmlog",
      "requirement": "~1.2.1",
      "scope": "dependencies",
      "is_runtime": true,
      "is_optional": false,
      "is_resolved": null
    },
    {
      "identifier": "npm:once",
      "requirement": "~1.3.2",
      "scope": "dependencies",
      "is_runtime": true,
      "is_optional": false,
      "is_resolved": null
    },
    {
      "identifier": "npm:opener",
      "requirement": "~1.4.1",
      "scope": "dependencies",
      "is_runtime": true,
      "is_optional": false,
      "is_resolved": null
    },
    {
      "identifier": "npm:osenv",
      "requirement": "~0.1.3",
      "scope": "dependencies",
      "is_runtime": true,
      "is_optional": false,
      "is_resolved": null
    },
    {
      "identifier": "npm:path-is-inside",
      "requirement": "~1.0.0",
      "scope": "dependencies",
      "is_runtime": true,
      "is_optional": false,
      "is_resolved": null
    },
    {
      "identifier": "npm:read",
      "requirement": "~1.0.6",
      "scope": "dependencies",
      "is_runtime": true,
      "is_optional": false,
      "is_resolved": null
    },
    {
      "identifier": "npm:read-installed",
      "requirement": "~4.0.2",
      "scope": "dependencies",
      "is_runtime": true,
      "is_optional": false,
      "is_resolved": null
    },
    {
      "identifier": "npm:read-package-json",
      "requirement": "~2.0.0",
      "scope": "dependencies",
      "is_runtime": true,
      "is_optional": false,
      "is_resolved": null
    },
    {
      "identifier": "npm:readable-stream",
      "requirement": "~1.1.13",
      "scope": "dependencies",
      "is_runtime": true,
      "is_optional": false,
      "is_resolved": null
    },
    {
      "identifier": "npm:realize-package-specifier",
      "requirement": "~3.0.1",
      "scope": "dependencies",
      "is_runtime": true,
      "is_optional": false,
      "is_resolved": null
    },
    {
      "identifier": "npm:request",
      "requirement": "~2.60.0",
      "scope": "dependencies",
      "is_runtime": true,
      "is_optional": false,
      "is_resolved": null
    },
    {
      "identifier": "npm:retry",
      "requirement": "~0.6.1",
      "scope": "dependencies",
      "is_runtime": true,
      "is_optional": false,
      "is_resolved": null
    },
    {
      "identifier": "npm:rimraf",
      "requirement": "~2.4.2",
      "scope": "dependencies",
      "is_runtime": true,
      "is_optional": false,
      "is_resolved": null
    },
    {
      "identifier": "npm:semver",
      "requirement": "~5.0.1",
      "scope": "dependencies",
      "is_runtime": true,
      "is_optional": false,
      "is_resolved": null
    },
    {
      "identifier": "npm:sha",
      "requirement": "~1.3.0",
      "scope": "dependencies",
      "is_runtime": true,
      "is_optional": false,
      "is_resolved": null
    },
    {
      "identifier": "npm:slide",
      "requirement": "~1.1.6",
      "scope": "dependencies",
      "is_runtime": true,
      "is_optional": false,
      "is_resolved": null
    },
    {
      "identifier": "npm:sorted-object",
      "requirement": "~1.0.0",
      "scope": "dependencies",
      "is_runtime": true,
      "is_optional": false,
      "is_resolved": null
    },
    {
      "identifier": "npm:spdx",
      "requirement": "~0.4.1",
      "scope": "dependencies",
      "is_runtime": true,
      "is_optional": false,
      "is_resolved": null
    },
    {
      "identifier": "npm:tar",
      "requirement": "~2.1.1",
      "scope": "dependencies",
      "is_runtime": true,
      "is_optional": false,
      "is_resolved": null
    },
    {
      "identifier": "npm:text-table",
      "requirement": "~0.2.0",
      "scope": "dependencies",
      "is_runtime": true,
      "is_optional": false,
      "is_resolved": null
    },
    {
      "identifier": "npm:uid-number",
      "requirement": "0.0.6",
      "scope": "dependencies",
      "is_runtime": true,
      "is_optional": false,
      "is_resolved": null
    },
    {
      "identifier": "npm:umask",
      "requirement": "~1.1.0",
      "scope": "dependencies",
      "is_runtime": true,
      "is_optional": false,
      "is_resolved": null
    },
    {
      "identifier": "npm:validate-npm-package-name",
      "requirement": "~2.2.2",
      "scope": "dependencies",
      "is_runtime": true,
      "is_optional": false,
      "is_resolved": null
    },
    {
      "identifier": "npm:which",
      "requirement": "~1.1.1",
      "scope": "dependencies",
      "is_runtime": true,
      "is_optional": false,
      "is_resolved": null
    },
    {
      "identifier": "npm:wrappy",
      "requirement": "~1.0.1",
      "scope": "dependencies",
      "is_runtime": true,
      "is_optional": false,
      "is_resolved": null
    },
    {
      "identifier": "npm:write-file-atomic",
      "requirement": "~1.1.2",
      "scope": "dependencies",
      "is_runtime": true,
      "is_optional": false,
      "is_resolved": null
    },
    {
      "identifier": "npm:deep-equal",
      "requirement": "~1.0.0",
      "scope": "devDependencies",
      "is_runtime": false,
      "is_optional": true,
      "is_resolved": null
    },
    {
      "identifier": "npm:marked",
      "requirement": "~0.3.3",
      "scope": "devDependencies",
      "is_runtime": false,
      "is_optional": true,
      "is_resolved": null
    },
    {
      "identifier": "npm:marked-man",
      "requirement": "~0.1.5",
      "scope": "devDependencies",
      "is_runtime": false,
      "is_optional": true,
      "is_resolved": null
    },
    {
      "identifier": "npm:nock",
      "requirement": "~2.10.0",
      "scope": "devDependencies",
      "is_runtime": false,
      "is_optional": true,
      "is_resolved": null
    },
    {
      "identifier": "npm:npm-registry-couchapp",
      "requirement": "~2.6.7",
      "scope": "devDependencies",
      "is_runtime": false,
      "is_optional": true,
      "is_resolved": null
    },
    {
      "identifier": "npm:npm-registry-mock",
      "requirement": "~1.0.0",
      "scope": "devDependencies",
      "is_runtime": false,
      "is_optional": true,
      "is_resolved": null
    },
    {
      "identifier": "npm:require-inject",
      "requirement": "~1.2.0",
      "scope": "devDependencies",
      "is_runtime": false,
      "is_optional": true,
      "is_resolved": null
    },
    {
      "identifier": "npm:sprintf-js",
      "requirement": "~1.0.2",
      "scope": "devDependencies",
      "is_runtime": false,
      "is_optional": true,
      "is_resolved": null
    },
    {
      "identifier": "npm:tap",
      "requirement": "~1.3.1",
      "scope": "devDependencies",
      "is_runtime": false,
      "is_optional": true,
      "is_resolved": null
    }
  ],
  "related_packages": []
}