{
  "platform": "ruby", 
  "name": "blankslate", 
  "version": "3.1.3", 
  "homepage": "http://github.com/masover/blankslate", 
  "summary": "BlankSlate extracted from Builder.", 
  "description": null, 
  "licenses": null, 
  "email": "rubygems@6brand.com", 
  "authors": [
    "Jim Weirich", 
    "David Masover", 
    "Jack Danger Canty"
  ], 
  "date": "2014-06-18 00:00:00 UTC", 
  "requirements": null, 
  "dependencies": [
    "rspec (>= 0, development)", 
    "bundler (>= 0, development)"
  ], 
  "files": [
    "Gemfile", 
    "Gemfile.lock", 
    "MIT-LICENSE", 
    "README", 
    "Rakefile", 
    "VERSION", 
    "blankslate.gemspec", 
    "lib/blankslate.rb", 
    "spec/blankslate_spec.rb"
  ], 
  "test_files": [
    "spec/blankslate_spec.rb"
  ], 
  "extra_rdoc_files": null, 
  "rubygems_version": "2.2.2", 
  "required_ruby_version": ">= 0", 
  "rubyforge_project": null, 
  "loaded_from": null, 
  "original_platform": "ruby", 
  "new_platform": "ruby", 
  "specification_version": 4
}