{
  "platform": "ruby", 
  "name": "mysmallidea-address_standardization", 
  "version": "0.4.1", 
  "homepage": "http://github.com/mcmire/address_standardization", 
  "summary": "A tiny Ruby library to quickly standardize a postal address", 
  "description": "A tiny Ruby library to quickly standardize a postal address", 
  "licenses": null, 
  "email": "elliot.winkler@gmail.com", 
  "authors": [
    "Elliot Winkler"
  ], 
  "date": "2010-02-01 00:00:00 UTC", 
  "requirements": null, 
  "dependencies": [
    "mechanize (>= 0)", 
    "mcmire-context (>= 0, development)", 
    "mcmire-matchy (>= 0, development)"
  ], 
  "files": [
    ".gitignore", 
    "README.md", 
    "Rakefile", 
    "TODO", 
    "address_standardization.gemspec", 
    "lib/address_standardization.rb", 
    "lib/address_standardization/abstract_service.rb", 
    "lib/address_standardization/address.rb", 
    "lib/address_standardization/class_level_inheritable_attributes.rb", 
    "lib/address_standardization/google_maps.rb", 
    "lib/address_standardization/melissa_data.rb", 
    "lib/address_standardization/ruby_ext.rb", 
    "lib/address_standardization/version.rb", 
    "test/google_maps_test.rb", 
    "test/melissa_data_test.rb", 
    "test/test_helper.rb"
  ], 
  "test_files": [
    "test/google_maps_test.rb", 
    "test/melissa_data_test.rb", 
    "test/test_helper.rb"
  ], 
  "extra_rdoc_files": [
    "README.md", 
    "TODO"
  ], 
  "rubygems_version": "1.3.6", 
  "required_ruby_version": ">= 0", 
  "rubyforge_project": null, 
  "loaded_from": null, 
  "original_platform": "ruby", 
  "new_platform": "ruby", 
  "specification_version": 3
}