{
  "APIVersion": null, 
  "Assembly Version": null, 
  "BuildDate": null, 
  "BuildVersion": null, 
  "Comments": null, 
  "Company": null, 
  "CompanyName": null, 
  "FileDescription": null, 
  "FileVersion": null, 
  "Full Version": null, 
  "InternalName": null, 
  "LegalCopyright": null, 
  "LegalTrademarks": null, 
  "LegalTrademarks1": null, 
  "LegalTrademarks2": null, 
  "License": null, 
  "OriginalFilename": null, 
  "ProductName": null, 
  "ProductVersion": null, 
  "WWW": null, 
  "extra_data": {}
}