{
  "APIVersion": null, 
  "Assembly Version": "2.0.0.0", 
  "BuildDate": null, 
  "BuildVersion": null, 
  "Comments": "Enterprise Library Caching Application Block", 
  "Company": null, 
  "CompanyName": "Microsoft Corporation", 
  "FileDescription": "Enterprise Library Caching Application Block", 
  "FileVersion": "2.0.0.0", 
  "Full Version": null, 
  "InternalName": "Microsoft.Practices.EnterpriseLibrary.Caching.dll", 
  "LegalCopyright": "", 
  "LegalTrademarks": null, 
  "LegalTrademarks1": null, 
  "LegalTrademarks2": null, 
  "License": null, 
  "OriginalFilename": "Microsoft.Practices.EnterpriseLibrary.Caching.dll", 
  "ProductName": "Microsoft Enterprise Library for .NET", 
  "ProductVersion": "2.0.0.0", 
  "WWW": null, 
  "extra_data": {}
}