{
  "APIVersion": null, 
  "Assembly Version": "4.2.1507.118", 
  "BuildDate": null, 
  "BuildVersion": null, 
  "Comments": null, 
  "Company": null, 
  "CompanyName": "Clarius Consulting, Manas Technology Solutions, InSTEDD", 
  "FileDescription": "Moq", 
  "FileVersion": "4.2.1507.0118", 
  "Full Version": null, 
  "InternalName": "Moq.Silverlight.dll", 
  "LegalCopyright": "", 
  "LegalTrademarks": null, 
  "LegalTrademarks1": null, 
  "LegalTrademarks2": null, 
  "License": null, 
  "OriginalFilename": "Moq.Silverlight.dll", 
  "ProductName": "Moq", 
  "ProductVersion": "4.2.1507.0118", 
  "WWW": null, 
  "extra_data": {}
}