{
  "type": "phpcomposer",
  "name": "jandreasn/a-timer",
  "version": null,
  "primary_language": "PHP",
  "packaging": null,
  "description": null,
  "payload_type": null,
  "size": null,
  "release_date": null,
  "authors": [
    {
      "type": "person",
      "name": "Andreas Nilsson",
      "email": null,
      "url": null
    }
  ],
  "maintainers": [],
  "contributors": [],
  "owners": [],
  "packagers": [],
  "distributors": [],
  "vendors": [
    {
      "type": null,
      "name": "jandreasn",
      "email": null,
      "url": null
    }
  ],
  "keywords": [
    "timer",
    "timing",
    "benchmark"
  ],
  "homepage_url": "http://github.com/jandreasn/a-timer",
  "download_url": null,
  "download_sha1": null,
  "download_sha256": null,
  "download_md5": null,
  "bug_tracking_url": null,
  "code_view_url": null,
  "vcs_tool": null,
  "vcs_repository": null,
  "vcs_revision": null,
  "copyright": null,
  "asserted_license": "MIT",
  "license_expression": null,
  "notice_text": null,
  "dependencies": {
    "development": [
      {
        "type": "phpcomposer",
        "name": "phpunit/phpunit",
        "version": "^5.6"
      },
      {
        "type": "phpcomposer",
        "name": "squizlabs/php_codesniffer",
        "version": "^2.7"
      }
    ],
    "runtime": [
      {
        "type": "phpcomposer",
        "name": "php",
        "version": ">=5.6.0"
      }
    ]
  },
  "related_packages": []
}